MemTotal:       16384000 kB
MemFree:         4194304 kB
MemAvailable:   12288000 kB
Buffers:          524288 kB
Cached:          4096000 kB
SwapCached:       102400 kB
Active:          6553600 kB
Inactive:        3276800 kB
Active(anon):    4194304 kB
Inactive(anon):  1048576 kB
Active(file):    2359296 kB
Inactive(file):  2228224 kB
Unevictable:           0 kB
Mlocked:               0 kB
SwapTotal:       8192000 kB
SwapFree:        7168000 kB
Dirty:              1024 kB
Writeback:             0 kB
AnonPages:       5242880 kB
Mapped:          1048576 kB
Shmem:            524288 kB
KReclaimable:     262144 kB
Slab:             524288 kB
SReclaimable:     262144 kB
SUnreclaim:       262144 kB
KernelStack:       16384 kB
PageTables:        32768 kB
NFS_Unstable:          0 kB
Bounce:                0 kB
WritebackTmp:          0 kB
CommitLimit:    16384000 kB
Committed_AS:   10485760 kB
VmallocTotal:   34359738368 kB
VmallocUsed:       65536 kB
VmallocChunk:          0 kB
HardwareCorrupted:     0 kB
AnonHugePages:         0 kB
ShmemHugePages:        0 kB
ShmemPmdMapped:        0 kB
FileHugePages:         0 kB
FilePmdMapped:         0 kB
HugePages_Total:       0
HugePages_Free:        0
HugePages_Rsvd:        0
HugePages_Surp:        0
Hugepagesize:       2048 kB
Hugetlb:               0 kB
DirectMap4k:      524288 kB
DirectMap2M:    14680064 kB
DirectMap1G:     2097152 kB
